group.bynumber		grp.nr
group.byname		grp.nm
group.bygid		grp.g
group.byuid		grp.u
group.byaddr		grp.ad
passwd.bynumber		pwd.nr
passwd.byname		pwd.nm
passwd.bygid		pwd.g
passwd.byuid		pwd.u
passwd.byaddr		pwd.ad
hosts.bynumber		hst.nr
hosts.byname		hst.nm
hosts.bygid		hst.g
hosts.byuid		hst.u
hosts.byaddr		hst.ad
networks.bynumber	ntw.nr
networks.byname		ntw.nm
networks.bygid		ntw.g
networks.byuid		ntw.u
networks.byaddr		ntw.ad
services.bynumber	svc.nr
services.byname		svc.nm
services.bygid		svc.g
services.byuid		svc.u
services.byaddr		svc.ad
protocols.bynumber	ptc.nr
protocols.byname	ptc.nm
protocols.bygid		ptc.g
protocols.byuid		ptc.u
protocols.byaddr	ptc.ad
group.time		grp.tm
passwd.time		pwd.tm
hosts.time		hst.tm
netgroup		netg
netgroup.byuser		netg.us
netgroup.byhost		netg.hs
netgroup.time		netg.tm
networks.time		ntw.tm
protocols.time		ptc.tm
services.time		svc.tm
ypmaps			ypmaps
ypservers		ypsrvs
ypdomains		ypdoms
ethers.byaddr		e.ad
ethers.byname		e.nm
rpc.bynumber		rpc.nm
mail.aliases		m.a
